<html>
<body>
<pre>
<h1>µVision Build Log</h1>
<h2>Tool Versions:</h2>
IDE-Version: µVision V5.26.2.0
Copyright (C) 2018 ARM Ltd and ARM Germany GmbH. All rights reserved.
License Information: Irina Anokhina, Home, LIC=4ZLII-TEB96-D0BN3-A224F-8NH05-P6ATD
 
Tool Versions:
Toolchain:       MDK-ARM Professional  Version: 5.26.2.0
Toolchain Path:  C:\Keil_v5\ARM\ARMCC\Bin
C Compiler:      Armcc.exe V5.06 update 6 (build 750)
Assembler:       Armasm.exe V5.06 update 6 (build 750)
Linker/Locator:  ArmLink.exe V5.06 update 6 (build 750)
Library Manager: ArmAr.exe V5.06 update 6 (build 750)
Hex Converter:   FromElf.exe V5.06 update 6 (build 750)
CPU DLL:         SARMCM3.DLL V5.26.2.0
Dialog DLL:      DCM.DLL V1.17.2.0
Target DLL:      STLink\ST-LINKIII-KEIL_SWO.dll V3.0.5.0
Dialog DLL:      TCM.DLL V1.36.1.0
 
<h2>Project:</h2>
C:\Ira\Ira\Atolic\Nucleo_Lexa_proj\MDK-ARM\Nucleo_Lexa_proj.uvprojx
Project File Date:  08/14/2019

<h2>Output:</h2>
*** Using Compiler 'V5.06 update 6 (build 750)', folder: 'C:\Keil_v5\ARM\ARMCC\Bin'
Build target 'Nucleo_Lexa_proj'
compiling main.c...
../Src/main.c(103): warning:  #177-D: variable "AXL"  was declared but never referenced
  int32_t AXL = 0;//MPU6050_R_2b(0x3B);//AX
../Src/main.c(104): warning:  #177-D: variable "AYL"  was declared but never referenced
  int32_t AYL = 0;//MPU6050_R_2b(0x3B);//AY
../Src/main.c(105): warning:  #177-D: variable "AZL"  was declared but never referenced
  int32_t AZL = 0;//MPU6050_R_2b(0x3B);//AY
../Src/main.c(107): warning:  #177-D: variable "GXL"  was declared but never referenced
  int32_t GXL = 0;//MPU6050_R_2b(0x3B);//AX
../Src/main.c(108): warning:  #177-D: variable "GYL"  was declared but never referenced
  int32_t GYL = 0;//MPU6050_R_2b(0x3B);//AY
../Src/main.c(109): warning:  #177-D: variable "GZL"  was declared but never referenced
  int32_t GZL = 0;//MPU6050_R_2b(0x3B);//AY
../Src/main.c(111): warning:  #177-D: variable "MXL"  was declared but never referenced
  int32_t MXL = 0;//MPU6050_R_2b(0x3B);//AX
../Src/main.c(112): warning:  #177-D: variable "MYL"  was declared but never referenced
  int32_t MYL = 0;//MPU6050_R_2b(0x3B);//AY
../Src/main.c(113): warning:  #177-D: variable "MZL"  was declared but never referenced
  int32_t MZL = 0;//MPU6050_R_2b(0x3B);//AY
../Src/main.c(115): warning:  #177-D: variable "FGX"  was declared but never referenced
  float FAX,FAY,FAZ,FGX,FGY,FGZ,FMX,FMY,FMZ;
../Src/main.c(115): warning:  #177-D: variable "FGY"  was declared but never referenced
  float FAX,FAY,FAZ,FGX,FGY,FGZ,FMX,FMY,FMZ;
../Src/main.c(115): warning:  #177-D: variable "FGZ"  was declared but never referenced
  float FAX,FAY,FAZ,FGX,FGY,FGZ,FMX,FMY,FMZ;
../Src/main.c: 12 warnings, 0 errors
compiling gpio.c...
compiling Sensors.c...
compiling spi.c...
compiling i2c.c...
compiling usart.c...
compiling stm32f4xx_it.c...
compiling stm32f4xx_hal_msp.c...
linking...
Program Size: Code=17100 RO-data=1040 RW-data=104 ZI-data=4872  
FromELF: creating hex file...
"Nucleo_Lexa_proj\Nucleo_Lexa_proj.axf" - 0 Error(s), 12 Warning(s).

<h2>Software Packages used:</h2>

Package Vendor: ARM
                http://www.keil.com/pack/ARM.CMSIS.5.5.1.pack
                ARM.CMSIS.5.5.1
                CMSIS (Cortex Microcontroller Software Interface Standard)
   * Component: CORE Version: 5.2.0

Package Vendor: Keil
                http://www.keil.com/pack/Keil.STM32F4xx_DFP.2.13.0.pack
                Keil.STM32F4xx_DFP.2.13.0
                STMicroelectronics STM32F4 Series Device Support, Drivers and Examples

<h2>Collection of Component include folders:</h2>
  .\RTE\_Nucleo_Lexa_proj
  C:\Keil_v5\ARM\PACK\ARM\CMSIS\5.5.1\CMSIS\Core\Include
  C:\Keil_v5\ARM\PACK\Keil\STM32F4xx_DFP\2.13.0\Drivers\CMSIS\Device\ST\STM32F4xx\Include

<h2>Collection of Component Files used:</h2>

   * Component: ARM::CMSIS:CORE:5.2.0
Build Time Elapsed:  00:00:04
</pre>
</body>
</html>
